2026-08-13 08:13:48,175 [AWT-EventQueue-0] ERROR org.ffmpeg - [h264 @ 0x7465ac062760] 50 (nil) (nil) nal_length 4 
2026-08-13 08:13:48,201 [AWT-EventQueue-0] ERROR org.ffmpeg - [h264 @ 0x7465ac12ac80] 50 (nil) (nil) nal_length 4 
2026-08-13 08:24:53,656 [AWT-EventQueue-0] ERROR org.ffmpeg - [h264 @ 0x744254112440] 50 (nil) (nil) nal_length 4 
2026-08-13 08:24:53,676 [AWT-EventQueue-0] ERROR org.ffmpeg - [h264 @ 0x74425414c2a0] 50 (nil) (nil) nal_length 4 
2026-08-13 08:43:52,554 [AWT-EventQueue-0] ERROR org.ffmpeg - [h264 @ 0x7a959409a9c0] 50 (nil) (nil) nal_length 4 
2026-08-13 08:43:52,584 [AWT-EventQueue-0] ERROR org.ffmpeg - [h264 @ 0x7a959413f340] 50 (nil) (nil) nal_length 4 
2026-08-13 08:47:56,284 [AWT-EventQueue-0] ERROR org.ffmpeg - [h264 @ 0x73b23005e040] 50 (nil) (nil) nal_length 4 
2026-08-13 08:47:56,296 [AWT-EventQueue-0] ERROR org.ffmpeg - [h264 @ 0x73b2300fb9a0] 50 (nil) (nil) nal_length 4 
2026-08-13 09:01:16,013 [XuggleStreamDecoder-A] ERROR org.ffmpeg - [h264 @ 0x7404240054c0] 50 (nil) (nil) nal_length 4 
2026-08-13 09:01:16,013 [XuggleStreamDecoder-B] ERROR org.ffmpeg - [h264 @ 0x740420004a00] 50 (nil) (nil) nal_length 4 
2026-08-13 09:01:16,041 [XuggleStreamDecoder-B] ERROR org.ffmpeg - [h264 @ 0x740420054180] 50 (nil) (nil) nal_length 4 
2026-08-13 09:01:16,042 [XuggleStreamDecoder-A] ERROR org.ffmpeg - [h264 @ 0x740424012820] 50 (nil) (nil) nal_length 4 
